// Jest Snapshot v1, https://goo.gl/fbAQLP

exports[`Tests in SearchPage component should show the component correctly 1`] = `
<div>
  <div
    class="mt-2"
  >
    <h2
      class="mt-3 mb-3"
    >
      Search
    </h2>
    <div
      class="row g-5"
    >
      <div
        class="col-sm-12 col-md-7"
      >
        <h4>
          Search Form
        </h4>
        <hr />
        <form
          aria-label="form"
          class="form"
        >
          <input
            autocomplete="off"
            class="form-control"
            name="hero"
            placeholder="Search Hero..."
            type="text"
            value=""
          />
          <button
            class="btn btn-outline-primary form-control mt-3"
            type="submit"
          >
            Search ...
          </button>
        </form>
      </div>
      <div
        class="col-sm-12 col-md-5"
      >
        <h4>
          Results
        </h4>
        <hr />
        <div
          aria-label="alert"
          class="alert alert-info"
        >
          Search a Hero
        </div>
      </div>
    </div>
  </div>
</div>
`;
