// Jest Snapshot v1, https://goo.gl/fbAQLP

exports[`Test in FirstApp component should do to match with the snapshot 1`] = `
<div>
  <h1
    data-testid="test-title"
  >
    Titulo
  </h1>
  <h2>
    I'm a subtitle
  </h2>
  <p>
    Mensaje
  </p>
  <p>
    Mensaje
  </p>
  <p>
    Mensaje
  </p>
</div>
`;
