// Jest Snapshot v1, https://goo.gl/fbAQLP

exports[`Test ToogleQuotes snapshot 1`] = `
<div>
  <h1>
    ToggleQuotes
  </h1>
  <button
    className="btn btn-secondary"
    onClick={[Function]}
  >
    Ocultar
  </button>
  <div>
    <div
      className="alert alert-info text-center"
    >
      loading ... 
    </div>
    <button
      className="btn btn-primary disabled"
      disabled={true}
      onClick={[Function]}
    >
      Cambiar
    </button>
  </div>
</div>
`;
